
> backend@1.0.0 build
> rm -rf dist && tsc

src/config/firebaseAdmin.ts(40,55): error TS2345: Argument of type 'string' is not assignable to parameter of type 'LogDetails'.
src/config/sentry.ts(131,16): error TS2339: Property 'log' does not exist on type 'WinstonLoggerAdapter'.
src/controllers/admin/adminAdsController.ts(150,45): error TS2345: Argument of type 'unknown' is not assignable to parameter of type 'LogDetails | undefined'.
src/controllers/admin/adminAdsController.ts(175,44): error TS2345: Argument of type 'unknown' is not assignable to parameter of type 'LogDetails | undefined'.
src/controllers/admin/adminAdsController.ts(271,47): error TS2345: Argument of type 'unknown' is not assignable to parameter of type 'LogDetails | undefined'.
src/controllers/admin/adminAdsController.ts(333,51): error TS2345: Argument of type 'unknown' is not assignable to parameter of type 'LogDetails | undefined'.
src/controllers/admin/adminAdsController.ts(388,47): error TS2345: Argument of type 'unknown' is not assignable to parameter of type 'LogDetails | undefined'.
src/controllers/admin/adminAdsController.ts(421,48): error TS2345: Argument of type 'unknown' is not assignable to parameter of type 'LogDetails | undefined'.
src/controllers/admin/adminAdsController.ts(448,48): error TS2345: Argument of type 'unknown' is not assignable to parameter of type 'LogDetails | undefined'.
src/controllers/admin/adminAdsController.ts(607,52): error TS2345: Argument of type 'unknown' is not assignable to parameter of type 'LogDetails | undefined'.
src/controllers/admin/adminAdsController.ts(674,47): error TS2345: Argument of type 'unknown' is not assignable to parameter of type 'LogDetails | undefined'.
src/controllers/admin/adminAdsController.ts(718,48): error TS2345: Argument of type 'unknown' is not assignable to parameter of type 'LogDetails | undefined'.
src/controllers/admin/adminAdsController.ts(745,47): error TS2345: Argument of type 'unknown' is not assignable to parameter of type 'LogDetails | undefined'.
src/controllers/admin/adminAnalyticsController.ts(22,63): error TS2345: Argument of type 'unknown' is not assignable to parameter of type 'LogDetails | undefined'.
src/controllers/admin/paymentWebhook.ts(61,93): error TS2345: Argument of type 'unknown' is not assignable to parameter of type 'LogDetails | undefined'.
src/controllers/ai/aiController.ts(45,43): error TS2345: Argument of type 'Error' is not assignable to parameter of type 'LogDetails'.
  Index signature for type 'string' is missing in type 'Error'.
src/controllers/business/businessMutationController.ts(60,50): error TS2345: Argument of type 'unknown' is not assignable to parameter of type 'LogDetails | undefined'.
src/controllers/business/businessMutationController.ts(166,50): error TS2345: Argument of type 'unknown' is not assignable to parameter of type 'LogDetails | undefined'.
src/controllers/business/businessQueryController.ts(150,57): error TS2345: Argument of type 'unknown' is not assignable to parameter of type 'LogDetails | undefined'.
src/controllers/business/businessUserController.ts(31,50): error TS2345: Argument of type 'unknown' is not assignable to parameter of type 'LogDetails | undefined'.
src/controllers/business/businessUserController.ts(75,51): error TS2345: Argument of type 'unknown' is not assignable to parameter of type 'LogDetails | undefined'.
src/controllers/chat/chatAdminController.ts(46,54): error TS2345: Argument of type 'unknown' is not assignable to parameter of type 'LogDetails | undefined'.
src/controllers/chat/chatAdminController.ts(63,52): error TS2345: Argument of type 'unknown' is not assignable to parameter of type 'LogDetails | undefined'.
src/controllers/chat/chatAdminController.ts(86,54): error TS2345: Argument of type 'unknown' is not assignable to parameter of type 'LogDetails | undefined'.
src/controllers/chat/chatAdminController.ts(109,53): error TS2345: Argument of type 'unknown' is not assignable to parameter of type 'LogDetails | undefined'.
src/controllers/chat/chatAdminController.ts(129,55): error TS2345: Argument of type 'unknown' is not assignable to parameter of type 'LogDetails | undefined'.
src/controllers/chat/chatAdminController.ts(152,58): error TS2345: Argument of type 'unknown' is not assignable to parameter of type 'LogDetails | undefined'.
src/controllers/chat/chatController.ts(52,44): error TS2345: Argument of type 'unknown' is not assignable to parameter of type 'LogDetails | undefined'.
src/controllers/chat/chatController.ts(73,46): error TS2345: Argument of type 'unknown' is not assignable to parameter of type 'LogDetails | undefined'.
src/controllers/chat/chatController.ts(99,58): error TS2345: Argument of type 'unknown' is not assignable to parameter of type 'LogDetails | undefined'.
src/controllers/chat/chatController.ts(121,50): error TS2345: Argument of type 'unknown' is not assignable to parameter of type 'LogDetails | undefined'.
src/controllers/chat/chatController.ts(142,47): error TS2345: Argument of type 'unknown' is not assignable to parameter of type 'LogDetails | undefined'.
src/controllers/chat/chatController.ts(163,44): error TS2345: Argument of type 'unknown' is not assignable to parameter of type 'LogDetails | undefined'.
src/controllers/chat/chatController.ts(184,43): error TS2345: Argument of type 'unknown' is not assignable to parameter of type 'LogDetails | undefined'.
src/controllers/chat/chatController.ts(206,45): error TS2345: Argument of type 'unknown' is not assignable to parameter of type 'LogDetails | undefined'.
src/controllers/contact/contactController.ts(39,51): error TS2345: Argument of type 'unknown' is not assignable to parameter of type 'LogDetails | undefined'.
src/controllers/content/editorial.content.controller.ts(36,49): error TS2345: Argument of type 'unknown' is not assignable to parameter of type 'LogDetails | undefined'.
src/controllers/content/editorial.content.controller.ts(60,49): error TS2345: Argument of type 'unknown' is not assignable to parameter of type 'LogDetails | undefined'.
src/controllers/content/editorial.content.controller.ts(70,54): error TS2345: Argument of type 'unknown' is not assignable to parameter of type 'LogDetails | undefined'.
src/controllers/invoice/invoiceMutationController.ts(82,47): error TS2345: Argument of type 'string' is not assignable to parameter of type 'LogDetails'.
src/controllers/invoice/invoiceQueryController.ts(20,45): error TS2345: Argument of type 'string' is not assignable to parameter of type 'LogDetails'.
src/controllers/notification/notificationMutationController.ts(27,46): error TS2345: Argument of type 'unknown' is not assignable to parameter of type 'LogDetails | undefined'.
src/controllers/notification/notificationMutationController.ts(44,47): error TS2345: Argument of type 'unknown' is not assignable to parameter of type 'LogDetails | undefined'.
src/controllers/notification/notificationMutationController.ts(81,42): error TS2345: Argument of type 'unknown' is not assignable to parameter of type 'LogDetails | undefined'.
src/controllers/notification/notificationMutationController.ts(104,52): error TS2345: Argument of type 'unknown' is not assignable to parameter of type 'LogDetails | undefined'.
src/controllers/notification/notificationQueryController.ts(41,50): error TS2345: Argument of type 'unknown' is not assignable to parameter of type 'LogDetails | undefined'.
src/controllers/payment/paymentMutationController.ts(133,46): error TS2345: Argument of type 'Error' is not assignable to parameter of type 'LogDetails'.
  Index signature for type 'string' is missing in type 'Error'.
src/controllers/payment/paymentQueryController.ts(34,42): error TS2345: Argument of type 'Error' is not assignable to parameter of type 'LogDetails'.
  Index signature for type 'string' is missing in type 'Error'.
src/controllers/payment/paymentQueryController.ts(60,53): error TS2345: Argument of type 'Error' is not assignable to parameter of type 'LogDetails'.
  Index signature for type 'string' is missing in type 'Error'.
src/controllers/payment/paymentQueryController.ts(195,44): error TS2345: Argument of type 'Error' is not assignable to parameter of type 'LogDetails'.
  Index signature for type 'string' is missing in type 'Error'.
src/controllers/report/reportController.ts(200,46): error TS2345: Argument of type 'unknown' is not assignable to parameter of type 'LogDetails | undefined'.
src/controllers/service/serviceMutationController.ts(265,47): error TS2345: Argument of type 'unknown' is not assignable to parameter of type 'LogDetails | undefined'.
src/controllers/service/serviceMutationController.ts(476,47): error TS2345: Argument of type 'unknown' is not assignable to parameter of type 'LogDetails | undefined'.
src/controllers/service/serviceMutationController.ts(503,50): error TS2345: Argument of type 'unknown' is not assignable to parameter of type 'LogDetails | undefined'.
src/controllers/service/serviceMutationController.ts(527,51): error TS2345: Argument of type 'unknown' is not assignable to parameter of type 'LogDetails | undefined'.
src/controllers/service/serviceMutationController.ts(558,47): error TS2345: Argument of type 'unknown' is not assignable to parameter of type 'LogDetails | undefined'.
src/controllers/service/serviceMutationController.ts(583,47): error TS2345: Argument of type 'unknown' is not assignable to parameter of type 'LogDetails | undefined'.
src/controllers/service/serviceQueryController.ts(116,45): error TS2345: Argument of type 'unknown' is not assignable to parameter of type 'LogDetails | undefined'.
src/controllers/service/serviceQueryController.ts(200,50): error TS2345: Argument of type 'unknown' is not assignable to parameter of type 'LogDetails | undefined'.
src/controllers/smartAlert/savedSearchController.ts(33,56): error TS2345: Argument of type 'unknown' is not assignable to parameter of type 'LogDetails | undefined'.
src/controllers/smartAlert/savedSearchController.ts(53,55): error TS2345: Argument of type 'unknown' is not assignable to parameter of type 'LogDetails | undefined'.
src/controllers/smartAlert/savedSearchController.ts(79,55): error TS2345: Argument of type 'unknown' is not assignable to parameter of type 'LogDetails | undefined'.
src/controllers/smartAlert/smartAlertQueryController.ts(36,54): error TS2345: Argument of type 'unknown' is not assignable to parameter of type 'LogDetails | undefined'.
src/controllers/user/userMutationController.ts(120,92): error TS2345: Argument of type 'unknown' is not assignable to parameter of type 'LogDetails | undefined'.
src/controllers/user/userMutationController.ts(155,93): error TS2345: Argument of type 'unknown' is not assignable to parameter of type 'LogDetails | undefined'.
src/cron/taxonomyHealth.ts(60,65): error TS2345: Argument of type 'unknown' is not assignable to parameter of type 'LogDetails | undefined'.
src/jobs/adminMetrics.job.ts(95,62): error TS2345: Argument of type 'unknown' is not assignable to parameter of type 'LogDetails | undefined'.
src/middleware/authMiddleware.ts(165,43): error TS2345: Argument of type 'unknown' is not assignable to parameter of type 'LogDetails | undefined'.
src/middleware/businessMiddleware.ts(39,56): error TS2345: Argument of type 'unknown' is not assignable to parameter of type 'LogDetails | undefined'.
src/middleware/idempotency.ts(268,50): error TS2345: Argument of type 'unknown' is not assignable to parameter of type 'LogDetails | undefined'.
src/middleware/maintenanceMiddleware.ts(65,57): error TS2345: Argument of type 'unknown' is not assignable to parameter of type 'LogDetails | undefined'.
src/middleware/requireVerifiedBusiness.ts(64,56): error TS2345: Argument of type 'unknown' is not assignable to parameter of type 'LogDetails | undefined'.
src/middleware/validateRequest.ts(140,78): error TS2345: Argument of type 'string' is not assignable to parameter of type 'LogDetails'.
src/middleware/validateRequest.ts(145,58): error TS2345: Argument of type 'unknown' is not assignable to parameter of type 'LogDetails | undefined'.
src/middleware/verifyPaymentWebhook.ts(85,44): error TS2345: Argument of type '"string" | "number" | "bigint" | "boolean" | "symbol" | "undefined" | "object" | "function"' is not assignable to parameter of type 'LogDetails | undefined'.
  Type 'string' is not assignable to type 'LogDetails'.
src/scripts/migrations/cleanupCategoryType.ts(40,43): error TS2345: Argument of type 'unknown' is not assignable to parameter of type 'LogDetails | undefined'.
src/scripts/migrations/migrate_spare_part_listing_types.ts(40,43): error TS2345: Argument of type 'unknown' is not assignable to parameter of type 'LogDetails | undefined'.
src/scripts/migrations/migrateServiceDeviceType.ts(64,43): error TS2345: Argument of type 'unknown' is not assignable to parameter of type 'LogDetails | undefined'.
src/scripts/migrations/repairLegacyCatalogRelations.ts(63,47): error TS2345: Argument of type 'unknown' is not assignable to parameter of type 'LogDetails | undefined'.
src/services/AiService.ts(149,64): error TS2554: Expected 1-2 arguments, but got 3.
src/services/AiService.ts(177,45): error TS2345: Argument of type 'unknown' is not assignable to parameter of type 'LogDetails | undefined'.
src/services/UserStatusService.ts(67,82): error TS2345: Argument of type 'unknown' is not assignable to parameter of type 'LogDetails | undefined'.
src/utils/adminLogger.ts(51,61): error TS2345: Argument of type 'unknown' is not assignable to parameter of type 'LogDetails | undefined'.
src/utils/imageProcessor.ts(60,85): error TS2345: Argument of type 'unknown' is not assignable to parameter of type 'LogDetails | undefined'.
src/utils/imageProcessor.ts(128,59): error TS2345: Argument of type 'unknown' is not assignable to parameter of type 'LogDetails | undefined'.
src/utils/imageProcessor.ts(149,49): error TS2345: Argument of type 'unknown' is not assignable to parameter of type 'LogDetails | undefined'.
src/utils/imageProcessor.ts(167,58): error TS2345: Argument of type 'unknown' is not assignable to parameter of type 'LogDetails | undefined'.
src/utils/jobRunner.ts(26,67): error TS2345: Argument of type 'unknown' is not assignable to parameter of type 'LogDetails | undefined'.
src/utils/jobRunner.ts(62,48): error TS2345: Argument of type 'unknown' is not assignable to parameter of type 'LogDetails | undefined'.
src/utils/logger.ts(166,9): error TS2322: Type 'WinstonLoggerAdapterChild' is not assignable to type 'Logger'.
  Property 'child' is private in type 'WinstonLoggerAdapterChild' but not in type 'Logger'.
src/utils/logger.ts(171,25): error TS2300: Duplicate identifier 'child'.
src/utils/logger.ts(187,5): error TS2300: Duplicate identifier 'child'.
src/utils/logger.ts(187,5): error TS2416: Property 'child' in type 'WinstonLoggerAdapterChild' is not assignable to the same property in base type 'Logger'.
  Type 'Logger' is not assignable to type '(defaultMeta: LogDetails) => Logger'.
    Type 'Logger' provides no match for the signature '(defaultMeta: LogDetails): Logger'.
src/utils/logger.ts(188,9): error TS2322: Type 'WinstonLoggerAdapterChild' is not assignable to type 'Logger'.
  Property 'child' is private in type 'WinstonLoggerAdapterChild' but not in type 'Logger'.
src/utils/logger.ts(333,23): error TS2339: Property 'level' does not exist on type 'WinstonLoggerAdapter'.
src/utils/redisCache.ts(30,67): error TS2345: Argument of type 'string' is not assignable to parameter of type 'LogDetails'.
src/utils/redisCache.ts(232,58): error TS2345: Argument of type 'unknown' is not assignable to parameter of type 'LogDetails | undefined'.
src/utils/s3.ts(103,48): error TS2345: Argument of type 'unknown' is not assignable to parameter of type 'LogDetails | undefined'.
src/utils/s3.ts(264,54): error TS2345: Argument of type 'unknown' is not assignable to parameter of type 'LogDetails | undefined'.
src/utils/s3.ts(325,49): error TS2345: Argument of type 'unknown' is not assignable to parameter of type 'LogDetails | undefined'.
src/utils/systemConfigHelper.ts(31,59): error TS2345: Argument of type 'unknown' is not assignable to parameter of type 'LogDetails | undefined'.
src/utils/systemConfigHelper.ts(49,70): error TS2345: Argument of type 'unknown' is not assignable to parameter of type 'LogDetails | undefined'.
npm error Lifecycle script `build` failed with error:
npm error code 2
npm error path /Users/admin/Desktop/EsparexAdmin/backend
npm error workspace backend@1.0.0
npm error location /Users/admin/Desktop/EsparexAdmin/backend
npm error command failed
npm error command sh -c rm -rf dist && tsc
